../Core/Src/main.c:109:5:main	8	static
../Core/Src/main.c:160:6:SystemClock_Config	88	static
../Core/Src/main.c:207:13:MX_ADC1_Init	24	static
../Core/Src/main.c:259:13:MX_TIM1_Init	48	static
../Core/Src/main.c:318:13:MX_TIM3_Init	32	static
../Core/Src/main.c:363:13:MX_USART2_UART_Init	8	static
../Core/Src/main.c:396:13:MX_GPIO_Init	48	static
../Core/Src/main.c:451:6:HAL_TIM_PeriodElapsedCallback	32	static
../Core/Src/main.c:471:6:HAL_TIM_IC_CaptureCallback	64	static
../Core/Src/main.c:534:6:HAL_GPIO_EXTI_Callback	16	static
../Core/Src/main.c:565:5:__io_putchar	24	static
../Core/Src/main.c:572:5:_write	32	static
../Core/Src/main.c:587:6:Error_Handler	4	static,ignoring_inline_asm
